// Jest Snapshot v1, https://goo.gl/fbAQLP

exports[`NoteListMain component renders a Note in ul for each notes in array 1`] = `<ul />`;
